// Jest Snapshot v1, https://goo.gl/fbAQLP

exports[`renders 1`] = `
<DocumentFragment>
  <header
    class="header"
  >
    <img
      class="header--image"
      src="troll-face.png"
    />
    <h2
      class="header--title"
    >
      Meme Generator
    </h2>
    <h4
      class="header--project"
    >
      React Course - Project 3
    </h4>
  </header>
</DocumentFragment>
`;
